2026-05-08T20:30:16.003Z vite:config config file loaded in 44.09ms
2026-05-08T20:30:16.006Z vite:env loading env files: [
  'C:/Users/jamerson.jpd/Desktop/Python/SlicesOS/.env',
  'C:/Users/jamerson.jpd/Desktop/Python/SlicesOS/.env.local',
  'C:/Users/jamerson.jpd/Desktop/Python/SlicesOS/.env.production',
  'C:/Users/jamerson.jpd/Desktop/Python/SlicesOS/.env.production.local'
]
2026-05-08T20:30:16.006Z vite:env env files loaded in 0.48ms
2026-05-08T20:30:16.007Z vite:env using resolved env: {}
2026-05-08T20:30:16.028Z vite:config using resolved config: {
  logLevel: 'error',
  resolve: {
    externalConditions: [ 'node' ],
    extensions: [
      '.mjs',  '.js',
      '.mts',  '.ts',
      '.jsx',  '.tsx',
      '.json'
    ],
    dedupe: [ 'react', 'react-dom' ],
    noExternal: [],
    external: [],
    preserveSymlinks: false,
    alias: [
      {
        find: '@',
        replacement: 'C:\\Users\\jamerson.jpd\\Desktop\\Python\\SlicesOS\\src'
      },
      {
        find: /^\/?@vite\/env/,
        replacement: '/@fs/C:/Users/jamerson.jpd/Desktop/Python/SlicesOS/node_modules/vite/dist/client/env.mjs'
      },
      {
        find: /^\/?@vite\/client/,
        replacement: '/@fs/C:/Users/jamerson.jpd/Desktop/Python/SlicesOS/node_modules/vite/dist/client/client.mjs'
      }
    ],
    mainFields: [ 'browser', 'module', 'jsnext:main', 'jsnext' ],
    conditions: [ 'module', 'browser', 'development|production' ],
    builtins: []
  },
  plugins: [
    'vite:build-metadata',
    'vite:watch-package-data',
    'alias',
    'vite:react-babel',
    'vite:react-refresh',
    'vite:modulepreload-polyfill',
    'vite:resolve',
    'vite:html-inline-proxy',
    'vite:css',
    'vite:esbuild',
    'vite:json',
    'vite:wasm-helper',
    'vite:worker',
    'vite:asset',
    'vite:wasm-fallback',
    'vite:define',
    'vite:css-post',
    'vite:build-html',
    'vite:worker-import-meta-url',
    'vite:asset-import-meta-url',
    'vite:force-systemjs-wrap-complete',
    'commonjs',
    'vite:data-uri',
    'vite:rollup-options-plugins',
    'vite:dynamic-import-vars',
    'vite:import-glob',
    'vite:build-import-analysis',
    'vite:esbuild-transpile',
    'vite:terser',
    'vite:manifest',
    'vite:ssr-manifest',
    'vite:reporter',
    'vite:load-fallback'
  ],
  build: {
    target: [ 'es2020', 'edge88', 'firefox78', 'chrome87', 'safari14' ],
    polyfillModulePreload: true,
    modulePreload: { polyfill: true },
    outDir: 'dist',
    assetsDir: 'assets',
    assetsInlineLimit: 4096,
    sourcemap: false,
    terserOptions: {},
    rollupOptions: { onwarn: [Function: onwarn] },
    commonjsOptions: { include: [ /node_modules/ ], extensions: [ '.js', '.cjs' ] },
    dynamicImportVarsOptions: { warnOnError: true, exclude: [ /node_modules/ ] },
    write: true,
    emptyOutDir: null,
    copyPublicDir: true,
    manifest: false,
    lib: false,
    ssrManifest: false,
    ssrEmitAssets: false,
    reportCompressedSize: true,
    chunkSizeWarningLimit: 500,
    watch: null,
    cssCodeSplit: true,
    minify: 'esbuild',
    ssr: false,
    emitAssets: true,
    createEnvironment: [Function: createEnvironment],
    cssTarget: [ 'es2020', 'edge88', 'firefox78', 'chrome87', 'safari14' ],
    cssMinify: true
  },
  esbuild: { jsxDev: false, jsx: 'automatic', jsxImportSource: undefined },
  optimizeDeps: {
    include: [
      'react',
      'react-dom',
      'react/jsx-dev-runtime',
      'react/jsx-runtime'
    ],
    exclude: [],
    needsInterop: [],
    extensions: [],
    disabled: undefined,
    holdUntilCrawlEnd: true,
    force: false,
    noDiscovery: false,
    esbuildOptions: { preserveSymlinks: false, jsx: 'automatic' }
  },
  environments: {
    client: {
      define: undefined,
      resolve: {
        externalConditions: [ 'node' ],
        extensions: [
          '.mjs',  '.js',
          '.mts',  '.ts',
          '.jsx',  '.tsx',
          '.json'
        ],
        dedupe: [ 'react', 'react-dom' ],
        noExternal: [],
        external: [],
        preserveSymlinks: false,
        alias: [
          {
            find: '@',
            replacement: 'C:\\Users\\jamerson.jpd\\Desktop\\Python\\SlicesOS\\src'
          },
          {
            find: /^\/?@vite\/env/,
            replacement: '/@fs/C:/Users/jamerson.jpd/Desktop/Python/SlicesOS/node_modules/vite/dist/client/env.mjs'
          },
          {
            find: /^\/?@vite\/client/,
            replacement: '/@fs/C:/Users/jamerson.jpd/Desktop/Python/SlicesOS/node_modules/vite/dist/client/client.mjs'
          }
        ],
        mainFields: [ 'browser', 'module', 'jsnext:main', 'jsnext' ],
        conditions: [ 'module', 'browser', 'development|production' ],
        builtins: []
      },
      keepProcessEnv: false,
      consumer: 'client',
      optimizeDeps: {
        include: [
          'react',
          'react-dom',
          'react/jsx-dev-runtime',
          'react/jsx-runtime'
        ],
        exclude: [],
        needsInterop: [],
        extensions: [],
        disabled: undefined,
        holdUntilCrawlEnd: true,
        force: false,
        noDiscovery: false,
        esbuildOptions: { preserveSymlinks: false, jsx: 'automatic' }
      },
      dev: {
        warmup: [],
        sourcemap: { js: true },
        sourcemapIgnoreList: [Function: isInNodeModules$1],
        preTransformRequests: true,
        createEnvironment: [Function: defaultCreateClientDevEnvironment],
        recoverable: true,
        moduleRunnerTransform: false
      },
      build: {
        target: [ 'es2020', 'edge88', 'firefox78', 'chrome87', 'safari14' ],
        polyfillModulePreload: true,
        modulePreload: { polyfill: true },
        outDir: 'dist',
        assetsDir: 'assets',
        assetsInlineLimit: 4096,
        sourcemap: false,
        terserOptions: {},
        rollupOptions: { onwarn: [Function: onwarn] },
        commonjsOptions: { include: [ /node_modules/ ], extensions: [ '.js', '.cjs' ] },
        dynamicImportVarsOptions: { warnOnError: true, exclude: [ /node_modules/ ] },
        write: true,
        emptyOutDir: null,
        copyPublicDir: true,
        manifest: false,
        lib: false,
        ssrManifest: false,
        ssrEmitAssets: false,
        reportCompressedSize: true,
        chunkSizeWarningLimit: 500,
        watch: null,
        cssCodeSplit: true,
        minify: 'esbuild',
        ssr: false,
        emitAssets: true,
        createEnvironment: [Function: createEnvironment],
        cssTarget: [ 'es2020', 'edge88', 'firefox78', 'chrome87', 'safari14' ],
        cssMinify: true
      }
    }
  },
  configFile: 'C:/Users/jamerson.jpd/Desktop/Python/SlicesOS/vite.config.js',
  configFileDependencies: [ 'C:/Users/jamerson.jpd/Desktop/Python/SlicesOS/vite.config.js' ],
  inlineConfig: {
    root: undefined,
    base: undefined,
    mode: undefined,
    configFile: undefined,
    configLoader: undefined,
    logLevel: undefined,
    clearScreen: undefined,
    build: {}
  },
  root: 'C:/Users/jamerson.jpd/Desktop/Python/SlicesOS',
  base: '/',
  decodedBase: '/',
  rawBase: '/',
  publicDir: 'C:/Users/jamerson.jpd/Desktop/Python/SlicesOS/public',
  cacheDir: 'C:/Users/jamerson.jpd/Desktop/Python/SlicesOS/node_modules/.vite',
  command: 'build',
  mode: 'production',
  isWorker: false,
  mainConfig: null,
  bundleChain: [],
  isProduction: true,
  css: {
    transformer: 'postcss',
    preprocessorMaxWorkers: 0,
    devSourcemap: false
  },
  json: { namedExports: true, stringify: 'auto' },
  server: {
    port: 5173,
    strictPort: false,
    host: undefined,
    allowedHosts: [],
    https: undefined,
    open: false,
    proxy: undefined,
    cors: {
      origin: /^https?:\/\/(?:(?:[^:]+\.)?localhost|127\.0\.0\.1|\[::1\])(?::\d+)?$/
    },
    headers: {},
    warmup: { clientFiles: [], ssrFiles: [] },
    middlewareMode: false,
    fs: {
      strict: true,
      deny: [ '.env', '.env.*', '*.{crt,pem}', '**/.git/**' ],
      allow: [ 'C:/Users/jamerson.jpd/Desktop/Python/SlicesOS' ]
    },
    preTransformRequests: true,
    perEnvironmentStartEndDuringDev: false,
    sourcemapIgnoreList: [Function: isInNodeModules$1]
  },
  builder: undefined,
  preview: {
    port: 4173,
    strictPort: false,
    host: undefined,
    allowedHosts: [],
    https: undefined,
    open: false,
    proxy: undefined,
    cors: {
      origin: /^https?:\/\/(?:(?:[^:]+\.)?localhost|127\.0\.0\.1|\[::1\])(?::\d+)?$/
    },
    headers: {}
  },
  envDir: 'C:/Users/jamerson.jpd/Desktop/Python/SlicesOS',
  env: { BASE_URL: '/', MODE: 'production', DEV: false, PROD: true },
  assetsInclude: [Function: assetsInclude],
  logger: {
    hasWarned: false,
    info: [Function: info],
    warn: [Function: warn],
    warnOnce: [Function: warnOnce],
    error: [Function: error],
    clearScreen: [Function: clearScreen],
    hasErrorLogged: [Function: hasErrorLogged]
  },
  packageCache: Map(1) {
    'fnpd_C:/Users/jamerson.jpd/Desktop/Python/SlicesOS' => {
      dir: 'C:/Users/jamerson.jpd/Desktop/Python/SlicesOS',
      data: {
        name: 'base44-app',
        private: true,
        version: '0.0.0',
        type: 'module',
        scripts: {
          dev: 'vite',
          build: 'vite build',
          lint: 'eslint . --quiet',
          'lint:fix': 'eslint . --fix',
          typecheck: 'tsc -p ./jsconfig.json',
          preview: 'vite preview'
        },
        dependencies: {
          '@base44/sdk': '^0.8.27',
          '@base44/vite-plugin': '^1.0.13',
          '@hello-pangea/dnd': '^17.0.0',
          '@hookform/resolvers': '^4.1.2',
          '@radix-ui/react-accordion': '^1.2.3',
          '@radix-ui/react-alert-dialog': '^1.1.6',
          '@radix-ui/react-aspect-ratio': '^1.1.2',
          '@radix-ui/react-avatar': '^1.1.3',
          '@radix-ui/react-checkbox': '^1.1.4',
          '@radix-ui/react-collapsible': '^1.1.3',
          '@radix-ui/react-context-menu': '^2.2.6',
          '@radix-ui/react-dialog': '^1.1.6',
          '@radix-ui/react-dropdown-menu': '^2.1.6',
          '@radix-ui/react-hover-card': '^1.1.6',
          '@radix-ui/react-label': '^2.1.2',
          '@radix-ui/react-menubar': '^1.1.6',
          '@radix-ui/react-navigation-menu': '^1.2.5',
          '@radix-ui/react-popover': '^1.1.6',
          '@radix-ui/react-progress': '^1.1.2',
          '@radix-ui/react-radio-group': '^1.2.3',
          '@radix-ui/react-scroll-area': '^1.2.3',
          '@radix-ui/react-select': '^2.1.6',
          '@radix-ui/react-separator': '^1.1.2',
          '@radix-ui/react-slider': '^1.2.3',
          '@radix-ui/react-slot': '^1.1.2',
          '@radix-ui/react-switch': '^1.1.3',
          '@radix-ui/react-tabs': '^1.1.3',
          '@radix-ui/react-toast': '^1.2.2',
          '@radix-ui/react-toggle': '^1.1.2',
          '@radix-ui/react-toggle-group': '^1.1.2',
          '@radix-ui/react-tooltip': '^1.1.8',
          '@stripe/react-stripe-js': '^3.0.0',
          '@stripe/stripe-js': '^5.2.0',
          '@tanstack/react-query': '^5.84.1',
          'canvas-confetti': '^1.9.4',
          'class-variance-authority': '^0.7.1',
          clsx: '^2.1.1',
          cmdk: '^1.0.0',
          'date-fns': '^3.6.0',
          'embla-carousel-react': '^8.5.2',
          'framer-motion': '^11.16.4',
          html2canvas: '^1.4.1',
          'input-otp': '^1.4.2',
          jspdf: '^4.0.0',
          lodash: '^4.17.21',
          'lucide-react': '^0.475.0',
          moment: '^2.30.1',
          'next-themes': '^0.4.4',
          react: '^18.2.0',
          'react-day-picker': '^8.10.1',
          'react-dom': '^18.2.0',
          'react-hook-form': '^7.54.2',
          'react-hot-toast': '^2.6.0',
          'react-leaflet': '^4.2.1',
          'react-markdown': '^9.0.1',
          'react-quill': '^2.0.0',
          'react-resizable-panels': '^2.1.7',
          'react-router-dom': '^6.26.0',
          recharts: '^2.15.4',
          sonner: '^2.0.1',
          'tailwind-merge': '^3.0.2',
          'tailwindcss-animate': '^1.0.7',
          three: '^0.171.0',
          vaul: '^1.1.2',
          zod: '^3.24.2'
        },
        devDependencies: {
          '@eslint/js': '^9.19.0',
          '@types/node': '^22.13.5',
          '@types/react': '^18.2.66',
          '@types/react-dom': '^18.2.22',
          '@vitejs/plugin-react': '^4.3.4',
          autoprefixer: '^10.4.20',
          'baseline-browser-mapping': '^2.8.32',
          eslint: '^9.19.0',
          'eslint-plugin-react': '^7.37.4',
          'eslint-plugin-react-hooks': '^5.0.0',
          'eslint-plugin-react-refresh': '^0.4.18',
          'eslint-plugin-unused-imports': '^4.3.0',
          globals: '^15.14.0',
          postcss: '^8.5.3',
          tailwindcss: '^3.4.17',
          typescript: '^5.8.2',
          vite: '^6.1.0'
        }
      },
      hasSideEffects: [Function: hasSideEffects],
      setResolvedCache: [Function: setResolvedCache],
      getResolvedCache: [Function: getResolvedCache]
    },
    set: [Function (anonymous)]
  },
  worker: { format: 'iife', plugins: '() => plugins', rollupOptions: {} },
  appType: 'spa',
  experimental: { importGlobRestoreExtension: false, hmrPartialAccept: false },
  future: undefined,
  ssr: {
    target: 'node',
    optimizeDeps: { esbuildOptions: { preserveSymlinks: false } },
    resolve: { conditions: undefined, externalConditions: undefined }
  },
  dev: {
    warmup: [],
    sourcemap: { js: true },
    sourcemapIgnoreList: [Function: isInNodeModules$1],
    preTransformRequests: false,
    createEnvironment: [Function: defaultCreateDevEnvironment],
    recoverable: false,
    moduleRunnerTransform: false
  },
  webSocketToken: 'Di2imQFZSSZB',
  getSortedPlugins: [Function: getSortedPlugins],
  getSortedPluginHooks: [Function: getSortedPluginHooks],
  createResolver: [Function: createResolver],
  fsDenyGlob: [Function: arrayMatcher],
  safeModulePaths: Set(0) {},
  additionalAllowedHosts: [],
  Symbol(vite:resolved-config): true
}
[31m✗[39m Build failed in 465ms
[31merror during build:
[31m[vite:css] [postcss] Unexpected token, expected "," (88:45)[31m
file: [36mC:/Users/jamerson.jpd/Desktop/Python/SlicesOS/src/index.css:undefined:NaN[31m
    at unexpected (C:\Users\jamerson.jpd\Desktop\Python\SlicesOS\node_modules\sucrase\dist\parser\traverser\util.js:99:15)
    at expect (C:\Users\jamerson.jpd\Desktop\Python\SlicesOS\node_modules\sucrase\dist\parser\traverser\util.js:86:5)
    at parseObj (C:\Users\jamerson.jpd\Desktop\Python\SlicesOS\node_modules\sucrase\dist\parser\traverser\expression.js:759:20)
    at parseExprAtom (C:\Users\jamerson.jpd\Desktop\Python\SlicesOS\node_modules\sucrase\dist\parser\traverser\expression.js:553:7)
    at parseExprSubscripts (C:\Users\jamerson.jpd\Desktop\Python\SlicesOS\node_modules\sucrase\dist\parser\traverser\expression.js:276:20)
    at parseMaybeUnary (C:\Users\jamerson.jpd\Desktop\Python\SlicesOS\node_modules\sucrase\dist\parser\traverser\expression.js:257:20)
    at parseExprOps (C:\Users\jamerson.jpd\Desktop\Python\SlicesOS\node_modules\sucrase\dist\parser\traverser\expression.js:185:20)
    at parseMaybeConditional (C:\Users\jamerson.jpd\Desktop\Python\SlicesOS\node_modules\sucrase\dist\parser\traverser\expression.js:157:20)
    at baseParseMaybeAssign (C:\Users\jamerson.jpd\Desktop\Python\SlicesOS\node_modules\sucrase\dist\parser\traverser\expression.js:142:20)
    at tsParseMaybeAssignWithoutJSX (C:\Users\jamerson.jpd\Desktop\Python\SlicesOS\node_modules\sucrase\dist\parser\plugins\typescript.js:1580:45)[39m
